MPASM  5.37                     BOUCLIERS.ASM   11-7-2010  17:08:40         PAGE  1


LOC  OBJECT CODE     LINE SOURCE TEXT
  VALUE

                      00001 ;============================================================================
                      00002 ;       Fichier :               Boucliers.asm
                      00003 ;       Projet :                Marcus 2
                      00004 ;       Module :                Circuit standard des boucliers
                      00005 ;
                      00006 ;       Créé le :               7 novembre 2010
                      00007 ;       Par :                   Michel Lavoie
                      00008 ;       Modifié le :    7 novembre 2010
                      00009 ;       Par :                   Michel Lavoie
                      00010 ;============================================================================
                      00011 ;       Description :   Ceci est le code du microcontrolleur PIC assurant la
                      00012 ;                                       gestion des vies du robot, la détection de nouveaux
                      00013 ;                                       impacts et le transfert de données par E/S discrètes aux
                      00014 ;                                       autres modules du robot.
                      00015 ;
                      00016 ;       Fréquence :             4 MHz (valeur par défaut)
                      00017 ;
                      00018 ;       E/S :                   01  VDD  2,5 à 5,5 Vcc
                      00019 ;                                       02  RA5  E - Réinitialise (sorties boucliers)
                      00020 ;                                       03  RA4  E - Bouclier 4
                      00021 ;                                       04  RA3  E - Redémarrage du PIC
                      00022 ;                                       05  RC5  S - Bouclier 1
                      00023 ;                                       06  RC4  S - Mort
                      00024 ;                                       07  RC3  E - DIP 4
                      00025 ;                                       08  RC6  S - Bouclier 2
                      00026 ;                                       09  RC7  S - Bouclier 3
                      00027 ;                                       10  RB7  
                      00028 ;                                       11  RB6  E - DIP 6
                      00029 ;                                       12  RB5  E - DIP 5
                      00030 ;                                       13  RB4  S - Bouclier 4
                      00031 ;                                       14  RC2  E - DIP 3
                      00032 ;                                       15  RC1  E - DIP 2
                      00033 ;                                       16  RC0  E - DIP 1
                      00034 ;                                       17  RA2  E - Bouclier 3
                      00035 ;                                       18  RA1  E - Bouclier 2
                      00036 ;                                       19  RA0  E - bouclier 1
                      00037 ;                                       20  VSS  Référence
                      00038 ;============================================================================
                      00039 ;       Avancement :    Le watchdog timer fait actuellement redémarrer le
                      00040 ;                                       programme lorsqu'on entre dans un délai trop long.
                      00041 ;============================================================================
                      00042 
                      00043         list            p=16f677                ; list directive to define processor
                      00044         #include        <p16f677.inc>   ; processor specific variable definitions
                      00001         LIST
                      00002 ; P16F677.INC  Standard Header File, Version 1.00    Microchip Technology, Inc.
                      00476         LIST
                      00045 
                      00046 ; Désactive quelques avertissements inutiles
                      00047         errorlevel -302
                      00048         errorlevel -305
                      00049 
2007   30F4           00050     __CONFIG    _FCMEN_OFF & _IESO_OFF & _BOR_OFF & _CPD_OFF & _CP_OFF & _MCLRE_ON & _PWRTE_OFF & _WDT_O
MPASM  5.37                     BOUCLIERS.ASM   11-7-2010  17:08:40         PAGE  2


LOC  OBJECT CODE     LINE SOURCE TEXT
  VALUE

                            FF & _INTRC_OSC_NOCLKOUT
                      00051 
                      00052 ; example of using Shared Uninitialized Data Section
                      00053 INT_VAR         UDATA_SHR   
0000                  00054 w_temp          RES             1                       ; variable used for context saving
0001                  00055 status_temp RES         1                       ; variable used for context saving
0002                  00056 pclath_temp RES         1                       ; variable used for context saving
                      00057 
                      00058 ; example of using Uninitialized Data Section
                      00059                         UDATA   0x20            ; explicit address specified is not required
0020                  00060 dc1                     RES             1                       ; Compteur de délai 1
0021                  00061 dc2                     RES             1                       ; Compteur de délai 2
0022                  00062 vies            RES             1                       ; Nombre de vies restantes
                      00063 
                      00064 ;============================================================================
                      00065 RESET_VECTOR    CODE    0x0000   ; processor reset vector
                      00066 ;============================================================================
0000   0000           00067         nop
0001   2???           00068         goto    depart                          ; go to beginning of program
                      00069 
                      00070 ;============================================================================
                      00071 INT_VECTOR              CODE    0x0004  ; interrupt vector location
                      00072 ;============================================================================
0004   00??           00073     movwf   w_temp                              ; save off current W register contents
0005   0803           00074     movf    STATUS,w                    ; move status register into W register
0006   00??           00075     movwf   status_temp                 ; save off contents of STATUS register
0007   080A           00076     movf    PCLATH,w                    ; move pclath register into w register
0008   00??           00077     movwf   pclath_temp                 ; save off contents of PCLATH register
                      00078 
0009   1C0B           00079         btfss   INTCON,RABIF
000A   2???           00080         goto    quit_interrupt          ; Annule l'interruption si RABIF=0
000B   1283 1303      00081         banksel PORTA
000D   1E85           00082         btfss   PORTA,5                         ; Test RA5  E - Réinitialise (sorties boucliers)
000E   2???           00083         goto    quit_interrupt
000F   1283 1303      00084         banksel PORTC
0011   1287           00085         bcf             PORTC,5                         ; RC5  S - Bouclier 1
0012   1307           00086         bcf             PORTC,6                         ; RC6  S - Bouclier 2
0013   1387           00087         bcf             PORTC,7                         ; RC7  S - Bouclier 3
0014   1283 1303      00088         banksel PORTB
0016   1206           00089         bcf             PORTB,4                         ; RB4  S - Bouclier 4
                      00090 
0017                  00091 quit_interrupt
0017   100B           00092         bcf             INTCON,RABIF            ; Réinitialise RABIF
0018   08??           00093     movf    pclath_temp,w               ; retrieve copy of PCLATH register
0019   008A           00094     movwf   PCLATH                              ; restore pre-isr PCLATH register contents
001A   08??           00095     movf    status_temp,w               ; retrieve copy of STATUS register
001B   0083           00096     movwf   STATUS                              ; restore pre-isr STATUS register contents
001C   0E??           00097     swapf       w_temp,f
001D   0E??           00098     swapf   w_temp,w                    ; restore pre-isr W register contents
001E   0009           00099     retfie                                              ; return from interrupt
                      00100 
                      00101 ;============================================================================
                      00102 MAIN_PROG               CODE
MPASM  5.37                     BOUCLIERS.ASM   11-7-2010  17:08:40         PAGE  3


LOC  OBJECT CODE     LINE SOURCE TEXT
  VALUE

                      00103 ;============================================================================
                      00104 
0000                  00105 depart
                      00106 ; Configuration du port A
0000   1283 1303      00107         banksel PORTA
0002   0185           00108         clrf    PORTA
0003   1683 1303      00109         banksel TRISA
0005   303F           00110         movlw   b'00111111'                     ; | - | - |TRISA5|TRISA4|TRISA3|TRISA2|TRISA1|TRISA0|
0006   0085           00111         movwf   TRISA
0007   1683 1303      00112         banksel IOCA
0009   3020           00113         movlw   b'00100000'                     ; | - | - |IOCA5|IOCA4|IOCA3|IOCA2|IOCA1|IOCA0|
000A   0096           00114         movwf   IOCA
000B   1283 1703      00115         banksel ANSEL
000D   019E           00116         clrf    ANSEL
000E   1283 1703      00117         banksel ANSELH
0010   019F           00118         clrf    ANSELH
                      00119 
                      00120 ; Configuration du port B
0011   1283 1303      00121         banksel PORTB
0013   0186           00122         clrf    PORTB
0014   1683 1303      00123         banksel TRISB
0016   30E0           00124         movlw   b'11100000'                     ; |TRISB7|TRISB6|TRISB5|TRISB4| - | - | - | - |
0017   0086           00125         movwf   TRISB
0018   1283 1703      00126         banksel IOCB
001A   0196           00127         clrf    IOCB
                      00128 
                      00129 ; Configuration du port C
001B   1283 1303      00130         banksel PORTC
001D   0187           00131         clrf    PORTC
001E   1683 1303      00132         banksel TRISC
0020   300F           00133         movlw   b'00001111'                     ; |TRISC7|TRISC6|TRISC5|TRISC4|TRISC3|TRISC2|TRISC1|TRIS
                            C0|
0021   0087           00134         movwf   TRISC
                      00135 
                      00136 ; Configuration de la routine d'interruption
0022   1283 1303      00137         banksel INTCON
0024   3088           00138         movlw   b'10001000'                     ; |GIE|PEIE|T0IE|INTE|RABIE|T0IF|INTF|RABIF|
0025   008B           00139         movwf   INTCON
                      00140 
                      00141 ; Relève le nombre de vies à utiliser
0026   2???           00142         call    subCompte_vies
                      00143 
                      00144 ; Boucle principale
0027   1283 1303      00145         banksel PORTA
                      00146 
0029                  00147 main_loop
0029   1805           00148         btfsc   PORTA,0                         ; Test RA0  E - Bouclier 1
002A   2???           00149         call    subB1_touche
002B   1885           00150         btfsc   PORTA,1                         ; Test RA1  E - Bouclier 2
002C   2???           00151         call    subB2_touche
002D   1905           00152         btfsc   PORTA,2                         ; Test RA2  E - Bouclier 3
002E   2???           00153         call    subB3_touche
002F   1A05           00154         btfsc   PORTA,4                         ; Test RA4  E - Bouclier 4
MPASM  5.37                     BOUCLIERS.ASM   11-7-2010  17:08:40         PAGE  4


LOC  OBJECT CODE     LINE SOURCE TEXT
  VALUE

0030   2???           00155         call    subB4_touche
0031   2???           00156         goto    main_loop                       ; Boucle infinie
                      00157 
                      00158 ; Ce code était dans le template de MPLAB mais je ne sais pas à quoi il sert.
                      00159 ;EE  code  0x2100
                      00160 ;    DE 5,4,3,2,1
                      00161 
                      00162 ;============================================================================
                      00163 ; Routine :             subB1_touche
                      00164 ; Description : Actions à prendre après un impact sur le bouclier 1.
                      00165 ;============================================================================
0032                  00166 subB1_touche
0032   ???? ????      00167         banksel vies
0034   0B??           00168         decfsz  vies                            ; Soustrait une vie
0035   2???           00169         goto b1_vivant
                      00170 
                      00171         ; Le robot n'a plus de vies
0036   1283 1303      00172         banksel PORTC
0038   1607           00173         bsf             PORTC,4                         ; RC4  S - Mort
0039   2???           00174         goto    $                                       ; Boucle infinie. À changer avec redémarrage.
                      00175 
003A                  00176 b1_vivant
003A   1283 1303      00177         banksel PORTC
003C   1687           00178         bsf             PORTC,5                         ; RC5  S - Bouclier 1
003D   2???           00179         call    subDelai_100ms
003E   1283 1303      00180         banksel PORTA
0040   0008           00181         return
                      00182 
                      00183 ;============================================================================
                      00184 ; Routine :             subB2_touche
                      00185 ; Description : Actions à prendre après un impact sur le bouclier 2.
                      00186 ;============================================================================
0041                  00187 subB2_touche
0041   ???? ????      00188         banksel vies
0043   0B??           00189         decfsz  vies                            ; Soustrait une vie
0044   2???           00190         goto b2_vivant
                      00191 
                      00192         ; Le robot n'a plus de vies
0045   1283 1303      00193         banksel PORTC
0047   1607           00194         bsf             PORTC,4                         ; RC4  S - Mort
0048   2???           00195         goto    $                                       ; Boucle infinie. À changer avec redémarrage.
                      00196 
0049                  00197 b2_vivant
0049   1283 1303      00198         banksel PORTC
004B   1707           00199         bsf             PORTC,6                         ; RC6  S - Bouclier 2
004C   2???           00200         call    subDelai_100ms
004D   1283 1303      00201         banksel PORTA
004F   0008           00202         return
                      00203 
                      00204 ;============================================================================
                      00205 ; Routine :             subB3_touche
                      00206 ; Description : Actions à prendre après un impact sur le bouclier 3.
                      00207 ;============================================================================
MPASM  5.37                     BOUCLIERS.ASM   11-7-2010  17:08:40         PAGE  5


LOC  OBJECT CODE     LINE SOURCE TEXT
  VALUE

0050                  00208 subB3_touche
0050   ???? ????      00209         banksel vies
0052   0B??           00210         decfsz  vies                            ; Soustrait une vie
0053   2???           00211         goto b3_vivant
                      00212 
                      00213         ; Le robot n'a plus de vies
0054   1283 1303      00214         banksel PORTC
0056   1607           00215         bsf             PORTC,4                         ; RC4  S - Mort
0057   2???           00216         goto    $                                       ; Boucle infinie. À changer avec redémarrage.
                      00217 
0058                  00218 b3_vivant
0058   1283 1303      00219         banksel PORTC
005A   1787           00220         bsf             PORTC,7                         ; RC7  S - Bouclier 3
005B   2???           00221         call    subDelai_100ms
005C   1283 1303      00222         banksel PORTA
005E   0008           00223         return
                      00224 
                      00225 ;============================================================================
                      00226 ; Routine :             subB4_touche
                      00227 ; Description : Actions à prendre après un impact sur le bouclier 4.
                      00228 ;============================================================================
005F                  00229 subB4_touche
005F   ???? ????      00230         banksel vies
0061   0B??           00231         decfsz  vies                            ; Soustrait une vie
0062   2???           00232         goto b4_vivant
                      00233 
                      00234         ; Le robot n'a plus de vies
0063   1283 1303      00235         banksel PORTC
0065   1607           00236         bsf             PORTC,4                         ; RC4  S - Mort
0066   2???           00237         goto    $                                       ; Boucle infinie. À changer avec redémarrage.
                      00238 
0067                  00239 b4_vivant
0067   1283 1303      00240         banksel PORTB
0069   1606           00241         bsf             PORTB,4                         ; RB4  S - Bouclier 4
006A   2???           00242         call    subDelai_100ms
006B   1283 1303      00243         banksel PORTA
006D   0008           00244         return
                      00245 
                      00246 ;============================================================================
                      00247 ; Routine :             subDelai_100ms
                      00248 ; Description : Provoque un délai de 100ms dans l'exécution du code.
                      00249 ;============================================================================
006E                  00250 subDelai_100ms
006E   1283 1303      00251         banksel 0
0070   3061           00252         movlw   .97                                     ; (N*1026 + 5) us
0071   00??           00253         movwf   dc2
0072   01??           00254         clrf    dc1
0073                  00255 looDelai_100ms
0073   0000           00256         nop
0074   0B??           00257         decfsz  dc1,f
0075   2???           00258         goto    looDelai_100ms
0076   0B??           00259         decfsz  dc2,f
0077   2???           00260         goto    looDelai_100ms
MPASM  5.37                     BOUCLIERS.ASM   11-7-2010  17:08:40         PAGE  6


LOC  OBJECT CODE     LINE SOURCE TEXT
  VALUE

0078   0008           00261         return
                      00262 
                      00263 ;============================================================================
                      00264 ; Routine :             subCompte_vies
                      00265 ; Description : Compte de nombre de vies maximales.
                      00266 ;============================================================================
0079                  00267 subCompte_vies
0079   0103           00268         clrw
007A   1283 1303      00269         banksel PORTC
007C   1807           00270         btfsc   PORTC,0                         ; Test RC0  E - DIP 1
007D   3E01           00271         addlw   b'00000001'
007E   1887           00272         btfsc   PORTC,1                         ; Test RC1  E - DIP 2
007F   3E02           00273         addlw   b'00000010'
0080   1907           00274         btfsc   PORTC,2                         ; Test RC2  E - DIP 3
0081   3E04           00275         addlw   b'00000100'
0082   1987           00276         btfsc   PORTC,3                         ; Test RC3  E - DIP 4
0083   3E08           00277         addlw   b'00001000'
0084   1283 1303      00278         banksel PORTB
0086   1A86           00279         btfsc   PORTB,5                         ; Test RB5  E - DIP 5
0087   3E10           00280         addlw   b'00010000'
0088   1B06           00281         btfsc   PORTB,6                         ; Test RB6  E - DIP 6
0089   3E20           00282         addlw   b'00100000'
008A   00??           00283         movwf   vies
008B   0008           00284         return
                      00285 
30F4                  00286     END
MPASM  5.37                     BOUCLIERS.ASM   11-7-2010  17:08:40         PAGE  7


SYMBOL TABLE
  LABEL                             VALUE 

ADCON0                            0000001F
ADCON1                            0000009F
ADCS0                             00000004
ADCS1                             00000005
ADCS2                             00000006
ADFM                              00000007
ADIE                              00000006
ADIF                              00000006
ADON                              00000000
ADRESH                            0000001E
ADRESL                            0000009E
ANS0                              00000000
ANS1                              00000001
ANS10                             00000002
ANS11                             00000003
ANS2                              00000002
ANS3                              00000003
ANS4                              00000004
ANS5                              00000005
ANS6                              00000006
ANS7                              00000007
ANS8                              00000000
ANS9                              00000001
ANSEL                             0000011E
ANSELH                            0000011F
BF                                00000000
BOR                               00000000
C                                 00000000
C1CH0                             00000000
C1CH1                             00000001
C1IE                              00000005
C1IF                              00000005
C1OE                              00000005
C1ON                              00000007
C1OUT                             00000006
C1POL                             00000004
C1R                               00000002
C1SEN                             00000005
C1VREN                            00000007
C2CH0                             00000000
C2CH1                             00000001
C2IE                              00000006
C2IF                              00000006
C2OE                              00000005
C2ON                              00000007
C2OUT                             00000006
C2POL                             00000004
C2R                               00000002
C2REN                             00000004
C2SYNC                            00000000
C2VREN                            00000006
CHS0                              00000002
CHS1                              00000003
MPASM  5.37                     BOUCLIERS.ASM   11-7-2010  17:08:40         PAGE  8


SYMBOL TABLE
  LABEL                             VALUE 

CHS2                              00000004
CHS3                              00000005
CKE                               00000006
CKP                               00000004
CM1CON0                           00000119
CM2CON0                           0000011A
CM2CON1                           0000011B
D                                 00000005
DATA_ADDRESS                      00000005
DC                                00000001
D_A                               00000005
EEADR                             0000010D
EECON1                            0000018C
EECON2                            0000018D
EEDAT                             0000010C
EEDATA                            0000010C
EEIE                              00000004
EEIF                              00000004
F                                 00000001
FSR                               00000004
GIE                               00000007
GO                                00000001
GO_DONE                           00000001
HTS                               00000002
I2C_DATA                          00000005
I2C_READ                          00000002
I2C_START                         00000003
I2C_STOP                          00000004
INDF                              00000000
INTCON                            0000000B
INTE                              00000004
INTEDG                            00000006
INTF                              00000001
IOC                               00000096
IOC0                              00000000
IOC1                              00000001
IOC2                              00000002
IOC3                              00000003
IOC4                              00000004
IOC5                              00000005
IOCA                              00000096
IOCA0                             00000000
IOCA1                             00000001
IOCA2                             00000002
IOCA3                             00000003
IOCA4                             00000004
IOCA5                             00000005
IOCB                              00000116
IOCB4                             00000004
IOCB5                             00000005
IOCB6                             00000006
IOCB7                             00000007
IRCF0                             00000004
MPASM  5.37                     BOUCLIERS.ASM   11-7-2010  17:08:40         PAGE  9


SYMBOL TABLE
  LABEL                             VALUE 

IRCF1                             00000005
IRCF2                             00000006
IRP                               00000007
LTS                               00000001
MC1OUT                            00000007
MC2OUT                            00000006
MSK                               00000093
NOT_A                             00000005
NOT_ADDRESS                       00000005
NOT_BOR                           00000000
NOT_DONE                          00000001
NOT_PD                            00000003
NOT_POR                           00000001
NOT_RABPU                         00000007
NOT_T1SYNC                        00000002
NOT_TO                            00000004
NOT_W                             00000002
NOT_WRITE                         00000002
OPTION_REG                        00000081
OSCCON                            0000008F
OSCTUNE                           00000090
OSFIE                             00000007
OSFIF                             00000007
OSTS                              00000003
P                                 00000004
PCL                               00000002
PCLATH                            0000000A
PCON                              0000008E
PEIE                              00000006
PIE1                              0000008C
PIE2                              0000008D
PIR1                              0000000C
PIR2                              0000000D
POR                               00000001
PORTA                             00000005
PORTB                             00000006
PORTC                             00000007
PS0                               00000000
PS1                               00000001
PS2                               00000002
PSA                               00000003
PULSR                             00000002
PULSS                             00000003
R                                 00000002
RABIE                             00000003
RABIF                             00000000
RD                                00000000
READ_WRITE                        00000002
RP0                               00000005
RP1                               00000006
R_W                               00000002
S                                 00000003
SBOREN                            00000004
MPASM  5.37                     BOUCLIERS.ASM   11-7-2010  17:08:40         PAGE 10


SYMBOL TABLE
  LABEL                             VALUE 

SCS                               00000000
SMP                               00000007
SR0                               00000006
SR1                               00000007
SRCON                             0000019E
SSPADD                            00000093
SSPBUF                            00000013
SSPCON                            00000014
SSPEN                             00000005
SSPIE                             00000003
SSPIF                             00000003
SSPM0                             00000000
SSPM1                             00000001
SSPM2                             00000002
SSPM3                             00000003
SSPMSK                            00000093
SSPOV                             00000006
SSPSTAT                           00000094
STATUS                            00000003
SWDTEN                            00000000
T0CS                              00000005
T0IE                              00000005
T0IF                              00000002
T0SE                              00000004
T1CKPS0                           00000004
T1CKPS1                           00000005
T1CON                             00000010
T1GINV                            00000007
T1GSS                             00000001
T1IE                              00000000
T1IF                              00000000
T1OSCEN                           00000003
TMR0                              00000001
TMR1CS                            00000001
TMR1GE                            00000006
TMR1H                             0000000F
TMR1IE                            00000000
TMR1IF                            00000000
TMR1L                             0000000E
TMR1ON                            00000000
TRISA                             00000085
TRISA0                            00000000
TRISA1                            00000001
TRISA2                            00000002
TRISA3                            00000003
TRISA4                            00000004
TRISA5                            00000005
TRISB                             00000086
TRISB4                            00000004
TRISB5                            00000005
TRISB6                            00000006
TRISB7                            00000007
TRISC                             00000087
MPASM  5.37                     BOUCLIERS.ASM   11-7-2010  17:08:40         PAGE 11


SYMBOL TABLE
  LABEL                             VALUE 

TRISC0                            00000000
TRISC1                            00000001
TRISC2                            00000002
TRISC3                            00000003
TRISC4                            00000004
TRISC5                            00000005
TRISC6                            00000006
TRISC7                            00000007
TUN0                              00000000
TUN1                              00000001
TUN2                              00000002
TUN3                              00000003
TUN4                              00000004
UA                                00000001
ULPWUE                            00000005
VCFG                              00000006
VP6EN                             00000004
VR0                               00000000
VR1                               00000001
VR2                               00000002
VR3                               00000003
VRCON                             00000118
VRR                               00000005
W                                 00000000
WCOL                              00000007
WDTCON                            00000097
WDTPS0                            00000001
WDTPS1                            00000002
WDTPS2                            00000003
WDTPS3                            00000004
WPU                               00000095
WPUA                              00000095
WPUA0                             00000000
WPUA1                             00000001
WPUA2                             00000002
WPUA4                             00000004
WPUA5                             00000005
WPUB                              00000115
WPUB4                             00000004
WPUB5                             00000005
WPUB6                             00000006
WPUB7                             00000007
WR                                00000001
WREN                              00000002
WRERR                             00000003
Z                                 00000002
_BOR_NSLEEP                       00003EFF
_BOR_OFF                          00003CFF
_BOR_ON                           00003FFF
_BOR_SBODEN                       00003DFF
_CPD_OFF                          00003FFF
_CPD_ON                           00003F7F
_CP_OFF                           00003FFF
MPASM  5.37                     BOUCLIERS.ASM   11-7-2010  17:08:40         PAGE 12


SYMBOL TABLE
  LABEL                             VALUE 

_CP_ON                            00003FBF
_EC_OSC                           00003FFB
_EXTRC                            00003FFF
_EXTRCIO                          00003FFE
_EXTRC_OSC_CLKOUT                 00003FFF
_EXTRC_OSC_NOCLKOUT               00003FFE
_FCMEN_OFF                        000037FF
_FCMEN_ON                         00003FFF
_HS_OSC                           00003FFA
_IESO_OFF                         00003BFF
_IESO_ON                          00003FFF
_INTOSC                           00003FFD
_INTOSCIO                         00003FFC
_INTRC_OSC_CLKOUT                 00003FFD
_INTRC_OSC_NOCLKOUT               00003FFC
_LP_OSC                           00003FF8
_MAIN_PROG_0039                   00000039
_MAIN_PROG_0048                   00000048
_MAIN_PROG_0057                   00000057
_MAIN_PROG_0066                   00000066
_MCLRE_OFF                        00003FDF
_MCLRE_ON                         00003FFF
_PWRTE_OFF                        00003FFF
_PWRTE_ON                         00003FEF
_WDT_OFF                          00003FF7
_WDT_ON                           00003FFF
_XT_OSC                           00003FF9
__16F677                          00000001
__DEBUG                           1
b1_vivant                         0000003A
b2_vivant                         00000049
b3_vivant                         00000058
b4_vivant                         00000067
dc1                               00000020
dc2                               00000021
depart                            00000000
looDelai_100ms                    00000073
main_loop                         00000029
pclath_temp                       00000002
quit_interrupt                    00000017
status_temp                       00000001
subB1_touche                      00000032
subB2_touche                      00000041
subB3_touche                      00000050
subB4_touche                      0000005F
subCompte_vies                    00000079
subDelai_100ms                    0000006E
vies                              00000022
w_temp                            00000000

MPASM  5.37                     BOUCLIERS.ASM   11-7-2010  17:08:40         PAGE 13





Errors   :     0
Warnings :     0 reported,     0 suppressed
Messages :     0 reported,    11 suppressed

