MPLINK 4.37, Linker
Linker Map File - Created Sun Nov  7 17:08:41 2010

                                 Section Info
                  Section       Type    Address   Location Size(Bytes)
                ---------  ---------  ---------  ---------  ---------
             RESET_VECTOR       code   0x000000    program   0x000004
                   .cinit    romdata   0x000002    program   0x000004
               INT_VECTOR       code   0x000004    program   0x000036
                MAIN_PROG       code   0x00001f    program   0x000118
 .config_2007_BOUCLIERS.O       code   0x002007    program   0x000002
                   .udata      udata   0x000020       data   0x000003
                  INT_VAR      udata   0x000071       data   0x000003



                              Program Memory Usage 
                               Start         End      
                           ---------   ---------      
                            0x000000    0x0000aa      
                            0x002007    0x002007      
            172 out of 2310 program addresses used, program memory utilization is 7%



                              Symbols - Sorted by Name
                     Name    Address   Location    Storage File                     
                ---------  ---------  ---------  --------- ---------                
          _MAIN_PROG_0039   0x000058    program     static Z:\home\michel\Dropbox\Projets\Marcus2\MPLAB\Boucliers.asm
          _MAIN_PROG_0048   0x000067    program     static Z:\home\michel\Dropbox\Projets\Marcus2\MPLAB\Boucliers.asm
          _MAIN_PROG_0057   0x000076    program     static Z:\home\michel\Dropbox\Projets\Marcus2\MPLAB\Boucliers.asm
          _MAIN_PROG_0066   0x000085    program     static Z:\home\michel\Dropbox\Projets\Marcus2\MPLAB\Boucliers.asm
                b1_vivant   0x000059    program     static Z:\home\michel\Dropbox\Projets\Marcus2\MPLAB\Boucliers.asm
                b2_vivant   0x000068    program     static Z:\home\michel\Dropbox\Projets\Marcus2\MPLAB\Boucliers.asm
                b3_vivant   0x000077    program     static Z:\home\michel\Dropbox\Projets\Marcus2\MPLAB\Boucliers.asm
                b4_vivant   0x000086    program     static Z:\home\michel\Dropbox\Projets\Marcus2\MPLAB\Boucliers.asm
                   depart   0x00001f    program     static Z:\home\michel\Dropbox\Projets\Marcus2\MPLAB\Boucliers.asm
           looDelai_100ms   0x000092    program     static Z:\home\michel\Dropbox\Projets\Marcus2\MPLAB\Boucliers.asm
                main_loop   0x000048    program     static Z:\home\michel\Dropbox\Projets\Marcus2\MPLAB\Boucliers.asm
           quit_interrupt   0x000017    program     static Z:\home\michel\Dropbox\Projets\Marcus2\MPLAB\Boucliers.asm
             subB1_touche   0x000051    program     static Z:\home\michel\Dropbox\Projets\Marcus2\MPLAB\Boucliers.asm
             subB2_touche   0x000060    program     static Z:\home\michel\Dropbox\Projets\Marcus2\MPLAB\Boucliers.asm
             subB3_touche   0x00006f    program     static Z:\home\michel\Dropbox\Projets\Marcus2\MPLAB\Boucliers.asm
             subB4_touche   0x00007e    program     static Z:\home\michel\Dropbox\Projets\Marcus2\MPLAB\Boucliers.asm
           subCompte_vies   0x000098    program     static Z:\home\michel\Dropbox\Projets\Marcus2\MPLAB\Boucliers.asm
           subDelai_100ms   0x00008d    program     static Z:\home\michel\Dropbox\Projets\Marcus2\MPLAB\Boucliers.asm
                      dc1   0x000020       data     static Z:\home\michel\Dropbox\Projets\Marcus2\MPLAB\Boucliers.asm
                      dc2   0x000021       data     static Z:\home\michel\Dropbox\Projets\Marcus2\MPLAB\Boucliers.asm
              pclath_temp   0x000073       data     static Z:\home\michel\Dropbox\Projets\Marcus2\MPLAB\Boucliers.asm
              status_temp   0x000072       data     static Z:\home\michel\Dropbox\Projets\Marcus2\MPLAB\Boucliers.asm
                     vies   0x000022       data     static Z:\home\michel\Dropbox\Projets\Marcus2\MPLAB\Boucliers.asm
                   w_temp   0x000071       data     static Z:\home\michel\Dropbox\Projets\Marcus2\MPLAB\Boucliers.asm



                              Symbols - Sorted by Address
                     Name    Address   Location    Storage File                     
                ---------  ---------  ---------  --------- ---------                
           quit_interrupt   0x000017    program     static Z:\home\michel\Dropbox\Projets\Marcus2\MPLAB\Boucliers.asm
                   depart   0x00001f    program     static Z:\home\michel\Dropbox\Projets\Marcus2\MPLAB\Boucliers.asm
                main_loop   0x000048    program     static Z:\home\michel\Dropbox\Projets\Marcus2\MPLAB\Boucliers.asm
             subB1_touche   0x000051    program     static Z:\home\michel\Dropbox\Projets\Marcus2\MPLAB\Boucliers.asm
          _MAIN_PROG_0039   0x000058    program     static Z:\home\michel\Dropbox\Projets\Marcus2\MPLAB\Boucliers.asm
                b1_vivant   0x000059    program     static Z:\home\michel\Dropbox\Projets\Marcus2\MPLAB\Boucliers.asm
             subB2_touche   0x000060    program     static Z:\home\michel\Dropbox\Projets\Marcus2\MPLAB\Boucliers.asm
          _MAIN_PROG_0048   0x000067    program     static Z:\home\michel\Dropbox\Projets\Marcus2\MPLAB\Boucliers.asm
                b2_vivant   0x000068    program     static Z:\home\michel\Dropbox\Projets\Marcus2\MPLAB\Boucliers.asm
             subB3_touche   0x00006f    program     static Z:\home\michel\Dropbox\Projets\Marcus2\MPLAB\Boucliers.asm
          _MAIN_PROG_0057   0x000076    program     static Z:\home\michel\Dropbox\Projets\Marcus2\MPLAB\Boucliers.asm
                b3_vivant   0x000077    program     static Z:\home\michel\Dropbox\Projets\Marcus2\MPLAB\Boucliers.asm
             subB4_touche   0x00007e    program     static Z:\home\michel\Dropbox\Projets\Marcus2\MPLAB\Boucliers.asm
          _MAIN_PROG_0066   0x000085    program     static Z:\home\michel\Dropbox\Projets\Marcus2\MPLAB\Boucliers.asm
                b4_vivant   0x000086    program     static Z:\home\michel\Dropbox\Projets\Marcus2\MPLAB\Boucliers.asm
           subDelai_100ms   0x00008d    program     static Z:\home\michel\Dropbox\Projets\Marcus2\MPLAB\Boucliers.asm
           looDelai_100ms   0x000092    program     static Z:\home\michel\Dropbox\Projets\Marcus2\MPLAB\Boucliers.asm
           subCompte_vies   0x000098    program     static Z:\home\michel\Dropbox\Projets\Marcus2\MPLAB\Boucliers.asm
                      dc1   0x000020       data     static Z:\home\michel\Dropbox\Projets\Marcus2\MPLAB\Boucliers.asm
                      dc2   0x000021       data     static Z:\home\michel\Dropbox\Projets\Marcus2\MPLAB\Boucliers.asm
                     vies   0x000022       data     static Z:\home\michel\Dropbox\Projets\Marcus2\MPLAB\Boucliers.asm
                   w_temp   0x000071       data     static Z:\home\michel\Dropbox\Projets\Marcus2\MPLAB\Boucliers.asm
              status_temp   0x000072       data     static Z:\home\michel\Dropbox\Projets\Marcus2\MPLAB\Boucliers.asm
              pclath_temp   0x000073       data     static Z:\home\michel\Dropbox\Projets\Marcus2\MPLAB\Boucliers.asm


